2026-08-18T19:58:48.917+05:00  INFO 152 --- [prod-ready-features] [main] c.z.p.ProdReadyFeaturesApplicationTests  : Starting ProdReadyFeaturesApplicationTests using Java 21.0.7 with PID 152 (started by lenovo in D:\Telusko Java Practice\prod-ready-features)
2026-08-18T19:58:48.919+05:00  INFO 152 --- [prod-ready-features] [main] c.z.p.ProdReadyFeaturesApplicationTests  : No active profile set, falling back to 1 default profile: "default"
2026-08-18T19:58:51.515+05:00  INFO 152 --- [prod-ready-features] [main] .s.d.r.c.RepositoryConfigurationDelegate : Bootstrapping Spring Data JPA repositories in DEFAULT mode.
2026-08-18T19:58:51.838+05:00  INFO 152 --- [prod-ready-features] [main] .s.d.r.c.RepositoryConfigurationDelegate : Finished Spring Data repository scanning in 258 ms. Found 1 JPA repository interface.
2026-08-18T19:58:53.354+05:00  INFO 152 --- [prod-ready-features] [main] org.hibernate.orm.jpa                    : HHH008540: Processing PersistenceUnitInfo [name: default]
2026-08-18T19:58:53.432+05:00  INFO 152 --- [prod-ready-features] [main] org.hibernate.orm.core                   : HHH000001: Hibernate ORM core version 7.4.1.Final
2026-08-18T19:58:53.928+05:00  INFO 152 --- [prod-ready-features] [main] o.h.e.boot.internal.EnversServiceImpl    : Envers integration enabled? : true
2026-08-18T19:58:54.815+05:00  INFO 152 --- [prod-ready-features] [main] o.s.o.j.p.SpringPersistenceUnitInfo      : No LoadTimeWeaver setup: ignoring JPA class transformer
2026-08-18T19:58:54.856+05:00  INFO 152 --- [prod-ready-features] [main] com.zaxxer.hikari.HikariDataSource       : HikariPool-1 - Starting...
2026-08-18T19:58:55.126+05:00  INFO 152 --- [prod-ready-features] [main] com.zaxxer.hikari.pool.HikariPool        : HikariPool-1 - Added connection com.mysql.cj.jdbc.ConnectionImpl@1253b822
2026-08-18T19:58:55.133+05:00  INFO 152 --- [prod-ready-features] [main] com.zaxxer.hikari.HikariDataSource       : HikariPool-1 - Start completed.
2026-08-18T19:58:55.415+05:00  INFO 152 --- [prod-ready-features] [main] org.hibernate.orm.connections.pooling    : HHH10001005: Database info:
	Database JDBC URL [jdbc:mysql://localhost:3306/prod-ready-features?useSSL=false]
	Database driver: MySQL Connector/J
	Database dialect: MySQLDialect
	Database version: 8.0.43
	Default catalog/schema: prod-ready-features/undefined
	Autocommit mode: undefined/unknown
	Isolation level: REPEATABLE_READ [default REPEATABLE_READ]
	JDBC fetch size: none
	Pool: DataSourceConnectionProvider
	Minimum pool size: undefined/unknown
	Maximum pool size: undefined/unknown
2026-08-18T19:58:55.819+05:00  INFO 152 --- [prod-ready-features] [main] o.h.e.c.i.m.AuditMetadataGenerator       : Adding properties for entity: com.zayyni.prodreadyfeatures.entities.PostEntity
2026-08-18T19:58:56.714+05:00  INFO 152 --- [prod-ready-features] [main] org.hibernate.orm.core                   : HHH000489: No JTA platform available (set 'hibernate.transaction.jta.platform' to enable JTA platform integration)
2026-08-18T19:58:57.067+05:00  INFO 152 --- [prod-ready-features] [main] j.LocalContainerEntityManagerFactoryBean : Initialized JPA EntityManagerFactory for persistence unit 'default'
2026-08-18T19:58:57.924+05:00  INFO 152 --- [prod-ready-features] [main] o.s.d.j.r.query.QueryEnhancerFactories   : Hibernate is in classpath; If applicable, HQL parser will be used.
2026-08-18T19:58:58.236+05:00  WARN 152 --- [prod-ready-features] [main] JpaBaseConfiguration$JpaWebConfiguration : spring.jpa.open-in-view is enabled by default. Therefore, database queries may be performed during view rendering. Explicitly configure spring.jpa.open-in-view to disable this warning
2026-08-18T19:59:00.216+05:00  INFO 152 --- [prod-ready-features] [main] c.z.p.ProdReadyFeaturesApplicationTests  : Started ProdReadyFeaturesApplicationTests in 11.874 seconds (process running for 19.407)
2026-08-18T19:59:01.567+05:00 TRACE 152 --- [prod-ready-features] [main] c.z.p.clients.impl.EmployeeClientImpl    : Trying to create new employee in createNewEmployee with employeeDto: EmployeeDto(id=null, name=zayyni, email=zayyni@gmail.com, age=2, role=USER, salary=3333.0, dateOfJoining=2020-01-01, isActive=true)
2026-08-18T19:59:01.955+05:00 DEBUG 152 --- [prod-ready-features] [main] c.z.p.clients.impl.EmployeeClientImpl    : 4xx error occurred while creating new employee
2026-08-18T19:59:01.957+05:00 ERROR 152 --- [prod-ready-features] [main] c.z.p.clients.impl.EmployeeClientImpl    : {"apiError":{"message":"Input Validation failed","status":"400 BAD_REQUEST","subErrors":["Age cannot be less than 18"]},"data":null,"timestamp":"2026-08-18T19:59:01.9193851"}
2026-08-18T19:59:01.959+05:00 ERROR 152 --- [prod-ready-features] [main] c.z.p.clients.impl.EmployeeClientImpl    : Exception occurred in createNewEmployee Couldn't create new employee
2026-08-18T19:59:02.015+05:00 TRACE 152 --- [prod-ready-features] [main] c.z.p.clients.impl.EmployeeClientImpl    : Trying to get employees By Id in getEmployeeById with employeeId: 1
2026-08-18T19:59:02.023+05:00 ERROR 152 --- [prod-ready-features] [main] c.z.p.clients.impl.EmployeeClientImpl    : {"apiError":{"message":"Employee not found","status":"404 NOT_FOUND","subErrors":null},"data":null,"timestamp":"2026-08-18T19:59:02.0207079"}
2026-08-18T19:59:02.030+05:00 TRACE 152 --- [prod-ready-features] [main] c.z.p.clients.impl.EmployeeClientImpl    : Trying to get all employees in getAllEmployees
2026-08-18T19:59:02.100+05:00 DEBUG 152 --- [prod-ready-features] [main] c.z.p.clients.impl.EmployeeClientImpl    : Successfully retrieved employees in getAllEmployees
2026-08-18T19:59:02.100+05:00 TRACE 152 --- [prod-ready-features] [main] c.z.p.clients.impl.EmployeeClientImpl    : Retrieved employees list in getAllEmployees []
2026-08-18T19:59:02.112+05:00  INFO 152 --- [prod-ready-features] [SpringApplicationShutdownHook] j.LocalContainerEntityManagerFactoryBean : Closing JPA EntityManagerFactory for persistence unit 'default'
2026-08-18T19:59:02.115+05:00  INFO 152 --- [prod-ready-features] [SpringApplicationShutdownHook] com.zaxxer.hikari.HikariDataSource       : HikariPool-1 - Shutdown initiated...
2026-08-18T19:59:02.123+05:00  INFO 152 --- [prod-ready-features] [SpringApplicationShutdownHook] com.zaxxer.hikari.HikariDataSource       : HikariPool-1 - Shutdown completed.
2026-08-18T20:13:53.259+05:00  INFO 16828 --- [prod-ready-features] [main] c.z.p.ProdReadyFeaturesApplicationTests  : Starting ProdReadyFeaturesApplicationTests using Java 21.0.7 with PID 16828 (started by lenovo in D:\Telusko Java Practice\prod-ready-features)
2026-08-18T20:13:53.262+05:00  INFO 16828 --- [prod-ready-features] [main] c.z.p.ProdReadyFeaturesApplicationTests  : No active profile set, falling back to 1 default profile: "default"
2026-08-18T20:13:55.781+05:00  INFO 16828 --- [prod-ready-features] [main] .s.d.r.c.RepositoryConfigurationDelegate : Bootstrapping Spring Data JPA repositories in DEFAULT mode.
2026-08-18T20:13:55.848+05:00  INFO 16828 --- [prod-ready-features] [main] .s.d.r.c.RepositoryConfigurationDelegate : Finished Spring Data repository scanning in 55 ms. Found 1 JPA repository interface.
2026-08-18T20:13:56.443+05:00  INFO 16828 --- [prod-ready-features] [main] org.hibernate.orm.jpa                    : HHH008540: Processing PersistenceUnitInfo [name: default]
2026-08-18T20:13:56.517+05:00  INFO 16828 --- [prod-ready-features] [main] org.hibernate.orm.core                   : HHH000001: Hibernate ORM core version 7.4.1.Final
2026-08-18T20:13:57.580+05:00  INFO 16828 --- [prod-ready-features] [main] o.h.e.boot.internal.EnversServiceImpl    : Envers integration enabled? : true
2026-08-18T20:13:57.879+05:00  INFO 16828 --- [prod-ready-features] [main] o.s.o.j.p.SpringPersistenceUnitInfo      : No LoadTimeWeaver setup: ignoring JPA class transformer
2026-08-18T20:13:57.912+05:00  INFO 16828 --- [prod-ready-features] [main] com.zaxxer.hikari.HikariDataSource       : HikariPool-1 - Starting...
2026-08-18T20:13:58.233+05:00  INFO 16828 --- [prod-ready-features] [main] com.zaxxer.hikari.pool.HikariPool        : HikariPool-1 - Added connection com.mysql.cj.jdbc.ConnectionImpl@3abadb65
2026-08-18T20:13:58.239+05:00  INFO 16828 --- [prod-ready-features] [main] com.zaxxer.hikari.HikariDataSource       : HikariPool-1 - Start completed.
2026-08-18T20:13:58.465+05:00  INFO 16828 --- [prod-ready-features] [main] org.hibernate.orm.connections.pooling    : HHH10001005: Database info:
	Database JDBC URL [jdbc:mysql://localhost:3306/prod-ready-features?useSSL=false]
	Database driver: MySQL Connector/J
	Database dialect: MySQLDialect
	Database version: 8.0.43
	Default catalog/schema: prod-ready-features/undefined
	Autocommit mode: undefined/unknown
	Isolation level: REPEATABLE_READ [default REPEATABLE_READ]
	JDBC fetch size: none
	Pool: DataSourceConnectionProvider
	Minimum pool size: undefined/unknown
	Maximum pool size: undefined/unknown
2026-08-18T20:13:58.921+05:00  INFO 16828 --- [prod-ready-features] [main] o.h.e.c.i.m.AuditMetadataGenerator       : Adding properties for entity: com.zayyni.prodreadyfeatures.entities.PostEntity
2026-08-18T20:14:00.036+05:00  INFO 16828 --- [prod-ready-features] [main] org.hibernate.orm.core                   : HHH000489: No JTA platform available (set 'hibernate.transaction.jta.platform' to enable JTA platform integration)
2026-08-18T20:14:00.409+05:00  INFO 16828 --- [prod-ready-features] [main] j.LocalContainerEntityManagerFactoryBean : Initialized JPA EntityManagerFactory for persistence unit 'default'
2026-08-18T20:14:00.739+05:00  INFO 16828 --- [prod-ready-features] [main] o.s.d.j.r.query.QueryEnhancerFactories   : Hibernate is in classpath; If applicable, HQL parser will be used.
2026-08-18T20:14:01.016+05:00  WARN 16828 --- [prod-ready-features] [main] JpaBaseConfiguration$JpaWebConfiguration : spring.jpa.open-in-view is enabled by default. Therefore, database queries may be performed during view rendering. Explicitly configure spring.jpa.open-in-view to disable this warning
2026-08-18T20:14:02.142+05:00  INFO 16828 --- [prod-ready-features] [main] c.z.p.ProdReadyFeaturesApplicationTests  : Started ProdReadyFeaturesApplicationTests in 9.256 seconds (process running for 14.832)
2026-08-18T20:14:02.957+05:00 TRACE 16828 --- [prod-ready-features] [main] c.z.p.clients.impl.EmployeeClientImpl    : Trying to create new employee in createNewEmployee with employeeDto: EmployeeDto(id=null, name=zayyni, email=zayyni@gmail.com, age=2, role=USER, salary=3333.0, dateOfJoining=2020-01-01, isActive=true)
2026-08-18T20:14:03.488+05:00 DEBUG 16828 --- [prod-ready-features] [main] c.z.p.clients.impl.EmployeeClientImpl    : 4xx error occurred while creating new employee
2026-08-18T20:14:03.495+05:00 ERROR 16828 --- [prod-ready-features] [main] c.z.p.clients.impl.EmployeeClientImpl    : {"apiError":{"message":"Input Validation failed","status":"400 BAD_REQUEST","subErrors":["Age cannot be less than 18"]},"data":null,"timestamp":"2026-08-18T20:14:03.4109286"}
2026-08-18T20:14:03.500+05:00 ERROR 16828 --- [prod-ready-features] [main] c.z.p.clients.impl.EmployeeClientImpl    : Exception occurred in createNewEmployee Couldn't create new employee
2026-08-18T20:14:03.609+05:00 TRACE 16828 --- [prod-ready-features] [main] c.z.p.clients.impl.EmployeeClientImpl    : Trying to get employees By Id in getEmployeeById with employeeId: 1
2026-08-18T20:14:03.643+05:00 ERROR 16828 --- [prod-ready-features] [main] c.z.p.clients.impl.EmployeeClientImpl    : {"apiError":{"message":"Employee not found","status":"404 NOT_FOUND","subErrors":null},"data":null,"timestamp":"2026-08-18T20:14:03.6338445"}
2026-08-18T20:14:03.680+05:00 TRACE 16828 --- [prod-ready-features] [main] c.z.p.clients.impl.EmployeeClientImpl    : Trying to get all employees in getAllEmployees
2026-08-18T20:14:03.886+05:00 DEBUG 16828 --- [prod-ready-features] [main] c.z.p.clients.impl.EmployeeClientImpl    : Successfully retrieved employees in getAllEmployees
2026-08-18T20:14:03.887+05:00 TRACE 16828 --- [prod-ready-features] [main] c.z.p.clients.impl.EmployeeClientImpl    : Retrieved employees list in getAllEmployees []
2026-08-18T20:14:03.962+05:00  INFO 16828 --- [prod-ready-features] [SpringApplicationShutdownHook] j.LocalContainerEntityManagerFactoryBean : Closing JPA EntityManagerFactory for persistence unit 'default'
2026-08-18T20:14:03.973+05:00  INFO 16828 --- [prod-ready-features] [SpringApplicationShutdownHook] com.zaxxer.hikari.HikariDataSource       : HikariPool-1 - Shutdown initiated...
2026-08-18T20:14:04.001+05:00  INFO 16828 --- [prod-ready-features] [SpringApplicationShutdownHook] com.zaxxer.hikari.HikariDataSource       : HikariPool-1 - Shutdown completed.
